Drill report for /home/debian/Progetti/ATARI/A130KB_MX/Atari130MX/Atari130MX.kicad_pcb
Created on Fri 31 Dec 2021 05:51:11 PM CET

Copper Layer Stackup:
    =============================================================
    L1 :  F.Cu                      front
    L2 :  B.Cu                      back


Drill file 'Atari130MX-PTH.drl' contains
    plated through holes:
    =============================================================
    T1  0.40mm  0.016"  (24 holes)
    T2  0.80mm  0.031"  (2 holes)
    T3  0.85mm  0.033"  (32 holes)
    T4  0.90mm  0.035"  (2 holes)
    T5  1.00mm  0.039"  (14 holes)
    T6  1.02mm  0.040"  (43 holes)
    T7  1.50mm  0.059"  (272 holes)

    Total plated holes count 389


Drill file 'Atari130MX-NPTH.drl' contains
    unplated through holes:
    =============================================================
    T1  1.70mm  0.067"  (138 holes)
    T2  3.05mm  0.120"  (4 holes)
    T3  3.20mm  0.126"  (8 holes)
    T4  4.00mm  0.157"  (140 holes)

    Total unplated holes count 290
